// Jest Snapshot v1, https://goo.gl/fbAQLP

exports[`Identity should match IdentityProvider snapshot 1`] = `
<div>
  <div />
  <div
    id="onfido-mount"
  />
</div>
`;
